src/components/Layout.tsx(5,27): error TS1484: 'UserRole' is a type and must be imported using a type-only import when 'verbatimModuleSyntax' is enabled.
src/components/ProtectedRoute.tsx(4,10): error TS1484: 'Permission' is a type and must be imported using a type-only import when 'verbatimModuleSyntax' is enabled.
src/components/ProtectedRoute.tsx(37,10): error TS2769: No overload matches this call.
  Overload 1 of 2, '(props: { component: ElementType<any, keyof IntrinsicElements>; } & TypographyOwnProps & CommonProps & Omit<any, "className" | ... 9 more ... | "variantMapping">): Element | null', gave the following error.
    Property 'component' is missing in type '{ children: string; variant: "h4"; fontWeight: string; gutterBottom: true; color: "text.primary"; }' but required in type '{ component: ElementType<any, keyof IntrinsicElements>; }'.
  Overload 2 of 2, '(props: DefaultComponentProps<TypographyTypeMap<{}, "span">>): Element | null', gave the following error.
    Type '{ children: string; variant: "h4"; fontWeight: string; gutterBottom: true; color: "text.primary"; }' is not assignable to type 'IntrinsicAttributes & TypographyOwnProps & CommonProps & Omit<DetailedHTMLProps<HTMLAttributes<HTMLSpanElement>, HTMLSpanElement>, "className" | ... 9 more ... | "variantMapping">'.
      Property 'fontWeight' does not exist on type 'IntrinsicAttributes & TypographyOwnProps & CommonProps & Omit<DetailedHTMLProps<HTMLAttributes<HTMLSpanElement>, HTMLSpanElement>, "className" | ... 9 more ... | "variantMapping">'.
src/pages/Automations.tsx(4,53): error TS1484: 'AutomationRule' is a type and must be imported using a type-only import when 'verbatimModuleSyntax' is enabled.
src/pages/Automations.tsx(4,53): error TS6133: 'AutomationRule' is declared but its value is never read.
src/pages/Automations.tsx(9,3): error TS6133: 'Paper' is declared but its value is never read.
src/pages/Automations.tsx(22,3): error TS6133: 'InputAdornment' is declared but its value is never read.
src/pages/Automations.tsx(24,16): error TS6133: 'ToggleLeft' is declared but its value is never read.
src/pages/Automations.tsx(24,28): error TS6133: 'ToggleRight' is declared but its value is never read.
src/pages/Automations.tsx(27,11): error TS6133: 't' is declared but its value is never read.
src/pages/Automations.tsx(77,14): error TS2769: No overload matches this call.
  Overload 1 of 2, '(props: { component: ElementType<any, keyof IntrinsicElements>; } & TypographyOwnProps & CommonProps & Omit<any, "className" | ... 9 more ... | "variantMapping">): Element | null', gave the following error.
    Property 'component' is missing in type '{ children: string; variant: "h5"; fontWeight: string; }' but required in type '{ component: ElementType<any, keyof IntrinsicElements>; }'.
  Overload 2 of 2, '(props: DefaultComponentProps<TypographyTypeMap<{}, "span">>): Element | null', gave the following error.
    Type '{ children: string; variant: "h5"; fontWeight: string; }' is not assignable to type 'IntrinsicAttributes & TypographyOwnProps & CommonProps & Omit<DetailedHTMLProps<HTMLAttributes<HTMLSpanElement>, HTMLSpanElement>, "className" | ... 9 more ... | "variantMapping">'.
      Property 'fontWeight' does not exist on type 'IntrinsicAttributes & TypographyOwnProps & CommonProps & Omit<DetailedHTMLProps<HTMLAttributes<HTMLSpanElement>, HTMLSpanElement>, "className" | ... 9 more ... | "variantMapping">'.
src/pages/Automations.tsx(99,12): error TS2769: No overload matches this call.
  Overload 1 of 2, '(props: { component: ElementType<any, keyof IntrinsicElements>; } & GridBaseProps & { sx?: SxProps<Theme> | undefined; } & Omit<...>): Element | null', gave the following error.
    Property 'component' is missing in type '{ children: Element; item: true; xs: number; sm: number; md: number; key: string; }' but required in type '{ component: ElementType<any, keyof IntrinsicElements>; }'.
  Overload 2 of 2, '(props: DefaultComponentProps<GridTypeMap<{}, "div">>): Element | null', gave the following error.
    Type '{ children: Element; item: true; xs: number; sm: number; md: number; key: string; }' is not assignable to type 'IntrinsicAttributes & GridBaseProps & { sx?: SxProps<Theme> | undefined; } & Omit<DetailedHTMLProps<HTMLAttributes<HTMLDivElement>, HTMLDivElement>, "sx" | keyof GridBaseProps>'.
      Property 'item' does not exist on type 'IntrinsicAttributes & GridBaseProps & { sx?: SxProps<Theme> | undefined; } & Omit<DetailedHTMLProps<HTMLAttributes<HTMLDivElement>, HTMLDivElement>, "sx" | keyof GridBaseProps>'.
src/pages/Automations.tsx(132,18): error TS2769: No overload matches this call.
  Overload 1 of 2, '(props: { component: ElementType<any, keyof IntrinsicElements>; } & TypographyOwnProps & CommonProps & Omit<any, "className" | ... 9 more ... | "variantMapping">): Element | null', gave the following error.
    Property 'component' is missing in type '{ children: string; variant: "h6"; fontWeight: string; sx: { mb: number; color: "text.primary"; }; }' but required in type '{ component: ElementType<any, keyof IntrinsicElements>; }'.
  Overload 2 of 2, '(props: DefaultComponentProps<TypographyTypeMap<{}, "span">>): Element | null', gave the following error.
    Type '{ children: string; variant: "h6"; fontWeight: string; sx: { mb: number; color: "text.primary"; }; }' is not assignable to type 'IntrinsicAttributes & TypographyOwnProps & CommonProps & Omit<DetailedHTMLProps<HTMLAttributes<HTMLSpanElement>, HTMLSpanElement>, "className" | ... 9 more ... | "variantMapping">'.
      Property 'fontWeight' does not exist on type 'IntrinsicAttributes & TypographyOwnProps & CommonProps & Omit<DetailedHTMLProps<HTMLAttributes<HTMLSpanElement>, HTMLSpanElement>, "className" | ... 9 more ... | "variantMapping">'.
src/pages/Automations.tsx(141,22): error TS2769: No overload matches this call.
  Overload 1 of 2, '(props: { component: ElementType<any, keyof IntrinsicElements>; } & TypographyOwnProps & CommonProps & Omit<any, "className" | ... 9 more ... | "variantMapping">): Element | null', gave the following error.
    Property 'component' is missing in type '{ children: string; variant: "caption"; fontWeight: string; sx: { width: number; color: "error.main"; }; }' but required in type '{ component: ElementType<any, keyof IntrinsicElements>; }'.
  Overload 2 of 2, '(props: DefaultComponentProps<TypographyTypeMap<{}, "span">>): Element | null', gave the following error.
    Type '{ children: string; variant: "caption"; fontWeight: string; sx: { width: number; color: "error.main"; }; }' is not assignable to type 'IntrinsicAttributes & TypographyOwnProps & CommonProps & Omit<DetailedHTMLProps<HTMLAttributes<HTMLSpanElement>, HTMLSpanElement>, "className" | ... 9 more ... | "variantMapping">'.
      Property 'fontWeight' does not exist on type 'IntrinsicAttributes & TypographyOwnProps & CommonProps & Omit<DetailedHTMLProps<HTMLAttributes<HTMLSpanElement>, HTMLSpanElement>, "className" | ... 9 more ... | "variantMapping">'.
src/pages/Automations.tsx(149,22): error TS2769: No overload matches this call.
  Overload 1 of 2, '(props: { component: ElementType<any, keyof IntrinsicElements>; } & TypographyOwnProps & CommonProps & Omit<any, "className" | ... 9 more ... | "variantMapping">): Element | null', gave the following error.
    Property 'component' is missing in type '{ children: string; variant: "caption"; fontWeight: string; sx: { width: number; color: "success.main"; }; }' but required in type '{ component: ElementType<any, keyof IntrinsicElements>; }'.
  Overload 2 of 2, '(props: DefaultComponentProps<TypographyTypeMap<{}, "span">>): Element | null', gave the following error.
    Type '{ children: string; variant: "caption"; fontWeight: string; sx: { width: number; color: "success.main"; }; }' is not assignable to type 'IntrinsicAttributes & TypographyOwnProps & CommonProps & Omit<DetailedHTMLProps<HTMLAttributes<HTMLSpanElement>, HTMLSpanElement>, "className" | ... 9 more ... | "variantMapping">'.
      Property 'fontWeight' does not exist on type 'IntrinsicAttributes & TypographyOwnProps & CommonProps & Omit<DetailedHTMLProps<HTMLAttributes<HTMLSpanElement>, HTMLSpanElement>, "className" | ... 9 more ... | "variantMapping">'.
src/pages/Automations.tsx(169,22): error TS2769: No overload matches this call.
  Overload 1 of 2, '(props: { component: ElementType<any, keyof IntrinsicElements>; } & TypographyOwnProps & CommonProps & Omit<any, "className" | ... 9 more ... | "variantMapping">): Element | null', gave the following error.
    Property 'component' is missing in type '{ children: string; variant: "caption"; fontWeight: string; }' but required in type '{ component: ElementType<any, keyof IntrinsicElements>; }'.
  Overload 2 of 2, '(props: DefaultComponentProps<TypographyTypeMap<{}, "span">>): Element | null', gave the following error.
    Type '{ children: string; variant: "caption"; fontWeight: string; }' is not assignable to type 'IntrinsicAttributes & TypographyOwnProps & CommonProps & Omit<DetailedHTMLProps<HTMLAttributes<HTMLSpanElement>, HTMLSpanElement>, "className" | ... 9 more ... | "variantMapping">'.
      Property 'fontWeight' does not exist on type 'IntrinsicAttributes & TypographyOwnProps & CommonProps & Omit<DetailedHTMLProps<HTMLAttributes<HTMLSpanElement>, HTMLSpanElement>, "className" | ... 9 more ... | "variantMapping">'.
src/pages/Dashboard.tsx(20,3): error TS6133: 'Legend' is declared but its value is never read.
src/pages/Dashboard.tsx(27,3): error TS6133: 'CheckSquare' is declared but its value is never read.
src/pages/Dashboard.tsx(32,3): error TS6133: 'AlertTriangle' is declared but its value is never read.
src/pages/Dashboard.tsx(35,3): error TS6133: 'Layers' is declared but its value is never read.
src/pages/Dashboard.tsx(36,3): error TS6133: 'MessageSquare' is declared but its value is never read.
src/pages/Dashboard.tsx(37,15): error TS6133: 'PieIcon' is declared but its value is never read.
src/pages/Dashboard.tsx(38,3): error TS6133: 'PhoneCall' is declared but its value is never read.
src/pages/Dashboard.tsx(39,3): error TS6133: 'Activity' is declared but its value is never read.
src/pages/Dashboard.tsx(51,9): error TS6133: 'callLogs' is declared but its value is never read.
src/pages/Dashboard.tsx(78,9): error TS6133: 'lateTasks' is declared but its value is never read.
src/pages/Dashboard.tsx(241,46): error TS6133: 'entry' is declared but its value is never read.
src/pages/EmployeeLeaves.tsx(4,20): error TS6133: 'Calendar' is declared but its value is never read.
src/pages/EmployeeLeaves.tsx(4,36): error TS6133: 'User' is declared but its value is never read.
src/pages/Employees.tsx(10,3): error TS6133: 'DollarSign' is declared but its value is never read.
src/pages/KPIEvaluations.tsx(4,10): error TS6133: 'Check' is declared but its value is never read.
src/pages/Settings.tsx(11,3): error TS1484: 'Department' is a type and must be imported using a type-only import when 'verbatimModuleSyntax' is enabled.
src/pages/Settings.tsx(12,3): error TS1484: 'Position' is a type and must be imported using a type-only import when 'verbatimModuleSyntax' is enabled.
src/pages/Settings.tsx(15,3): error TS6133: 'Grid' is declared but its value is never read.
src/pages/Settings.tsx(39,11): error TS6133: 't' is declared but its value is never read.
src/pages/Settings.tsx(158,12): error TS2769: No overload matches this call.
  Overload 1 of 2, '(props: { component: ElementType<any, keyof IntrinsicElements>; } & TypographyOwnProps & CommonProps & Omit<any, "className" | ... 9 more ... | "variantMapping">): Element | null', gave the following error.
    Property 'component' is missing in type '{ children: string; variant: "h5"; fontWeight: string; }' but required in type '{ component: ElementType<any, keyof IntrinsicElements>; }'.
  Overload 2 of 2, '(props: DefaultComponentProps<TypographyTypeMap<{}, "span">>): Element | null', gave the following error.
    Type '{ children: string; variant: "h5"; fontWeight: string; }' is not assignable to type 'IntrinsicAttributes & TypographyOwnProps & CommonProps & Omit<DetailedHTMLProps<HTMLAttributes<HTMLSpanElement>, HTMLSpanElement>, "className" | ... 9 more ... | "variantMapping">'.
      Property 'fontWeight' does not exist on type 'IntrinsicAttributes & TypographyOwnProps & CommonProps & Omit<DetailedHTMLProps<HTMLAttributes<HTMLSpanElement>, HTMLSpanElement>, "className" | ... 9 more ... | "variantMapping">'.
src/pages/Settings.tsx(191,14): error TS2769: No overload matches this call.
  Overload 1 of 2, '(props: { component: ElementType<any, keyof IntrinsicElements>; } & TypographyOwnProps & CommonProps & Omit<any, "className" | ... 9 more ... | "variantMapping">): Element | null', gave the following error.
    Property 'component' is missing in type '{ children: string; variant: "h6"; fontWeight: string; }' but required in type '{ component: ElementType<any, keyof IntrinsicElements>; }'.
  Overload 2 of 2, '(props: DefaultComponentProps<TypographyTypeMap<{}, "span">>): Element | null', gave the following error.
    Type '{ children: string; variant: "h6"; fontWeight: string; }' is not assignable to type 'IntrinsicAttributes & TypographyOwnProps & CommonProps & Omit<DetailedHTMLProps<HTMLAttributes<HTMLSpanElement>, HTMLSpanElement>, "className" | ... 9 more ... | "variantMapping">'.
      Property 'fontWeight' does not exist on type 'IntrinsicAttributes & TypographyOwnProps & CommonProps & Omit<DetailedHTMLProps<HTMLAttributes<HTMLSpanElement>, HTMLSpanElement>, "className" | ... 9 more ... | "variantMapping">'.
src/pages/Settings.tsx(242,14): error TS2769: No overload matches this call.
  Overload 1 of 2, '(props: { component: ElementType<any, keyof IntrinsicElements>; } & TypographyOwnProps & CommonProps & Omit<any, "className" | ... 9 more ... | "variantMapping">): Element | null', gave the following error.
    Property 'component' is missing in type '{ children: string; variant: "h6"; fontWeight: string; }' but required in type '{ component: ElementType<any, keyof IntrinsicElements>; }'.
  Overload 2 of 2, '(props: DefaultComponentProps<TypographyTypeMap<{}, "span">>): Element | null', gave the following error.
    Type '{ children: string; variant: "h6"; fontWeight: string; }' is not assignable to type 'IntrinsicAttributes & TypographyOwnProps & CommonProps & Omit<DetailedHTMLProps<HTMLAttributes<HTMLSpanElement>, HTMLSpanElement>, "className" | ... 9 more ... | "variantMapping">'.
      Property 'fontWeight' does not exist on type 'IntrinsicAttributes & TypographyOwnProps & CommonProps & Omit<DetailedHTMLProps<HTMLAttributes<HTMLSpanElement>, HTMLSpanElement>, "className" | ... 9 more ... | "variantMapping">'.
src/pages/Settings.tsx(295,12): error TS2769: No overload matches this call.
  Overload 1 of 2, '(props: { component: ElementType<any, keyof IntrinsicElements>; } & TypographyOwnProps & CommonProps & Omit<any, "className" | ... 9 more ... | "variantMapping">): Element | null', gave the following error.
    Property 'component' is missing in type '{ children: string; variant: "h6"; fontWeight: string; sx: { mb: number; }; }' but required in type '{ component: ElementType<any, keyof IntrinsicElements>; }'.
  Overload 2 of 2, '(props: DefaultComponentProps<TypographyTypeMap<{}, "span">>): Element | null', gave the following error.
    Type '{ children: string; variant: "h6"; fontWeight: string; sx: { mb: number; }; }' is not assignable to type 'IntrinsicAttributes & TypographyOwnProps & CommonProps & Omit<DetailedHTMLProps<HTMLAttributes<HTMLSpanElement>, HTMLSpanElement>, "className" | ... 9 more ... | "variantMapping">'.
      Property 'fontWeight' does not exist on type 'IntrinsicAttributes & TypographyOwnProps & CommonProps & Omit<DetailedHTMLProps<HTMLAttributes<HTMLSpanElement>, HTMLSpanElement>, "className" | ... 9 more ... | "variantMapping">'.
src/pages/auth/ForgotPassword.tsx(16,11): error TS6133: 't' is declared but its value is never read.
src/pages/auth/ForgotPassword.tsx(29,21): error TS6133: 'data' is declared but its value is never read.
src/pages/auth/ForgotPassword.tsx(50,12): error TS2769: No overload matches this call.
  Overload 1 of 2, '(props: { component: "h1"; } & TypographyOwnProps & CommonProps & Omit<DetailedHTMLProps<HTMLAttributes<HTMLHeadingElement>, HTMLHeadingElement>, "className" | ... 9 more ... | "variantMapping">): Element | null', gave the following error.
    Type '{ children: string; component: "h1"; variant: "h5"; fontWeight: string; color: "text.primary"; }' is not assignable to type 'IntrinsicAttributes & { component: "h1"; } & TypographyOwnProps & CommonProps & Omit<DetailedHTMLProps<HTMLAttributes<HTMLHeadingElement>, HTMLHeadingElement>, "className" | ... 9 more ... | "variantMapping">'.
      Property 'fontWeight' does not exist on type 'IntrinsicAttributes & { component: "h1"; } & TypographyOwnProps & CommonProps & Omit<DetailedHTMLProps<HTMLAttributes<HTMLHeadingElement>, HTMLHeadingElement>, "className" | ... 9 more ... | "variantMapping">'.
  Overload 2 of 2, '(props: DefaultComponentProps<TypographyTypeMap<{}, "span">>): Element | null', gave the following error.
    Type '{ children: string; component: string; variant: "h5"; fontWeight: string; color: "text.primary"; }' is not assignable to type 'IntrinsicAttributes & TypographyOwnProps & CommonProps & Omit<DetailedHTMLProps<HTMLAttributes<HTMLSpanElement>, HTMLSpanElement>, "className" | ... 9 more ... | "variantMapping">'.
      Property 'component' does not exist on type 'IntrinsicAttributes & TypographyOwnProps & CommonProps & Omit<DetailedHTMLProps<HTMLAttributes<HTMLSpanElement>, HTMLSpanElement>, "className" | ... 9 more ... | "variantMapping">'.
src/pages/auth/Login.tsx(24,11): error TS6133: 't' is declared but its value is never read.
src/pages/auth/Login.tsx(108,12): error TS2769: No overload matches this call.
  Overload 1 of 2, '(props: { component: "h1"; } & TypographyOwnProps & CommonProps & Omit<DetailedHTMLProps<HTMLAttributes<HTMLHeadingElement>, HTMLHeadingElement>, "className" | ... 9 more ... | "variantMapping">): Element | null', gave the following error.
    Type '{ children: string; component: "h1"; variant: "h5"; fontWeight: string; color: "text.primary"; }' is not assignable to type 'IntrinsicAttributes & { component: "h1"; } & TypographyOwnProps & CommonProps & Omit<DetailedHTMLProps<HTMLAttributes<HTMLHeadingElement>, HTMLHeadingElement>, "className" | ... 9 more ... | "variantMapping">'.
      Property 'fontWeight' does not exist on type 'IntrinsicAttributes & { component: "h1"; } & TypographyOwnProps & CommonProps & Omit<DetailedHTMLProps<HTMLAttributes<HTMLHeadingElement>, HTMLHeadingElement>, "className" | ... 9 more ... | "variantMapping">'.
  Overload 2 of 2, '(props: DefaultComponentProps<TypographyTypeMap<{}, "span">>): Element | null', gave the following error.
    Type '{ children: string; component: string; variant: "h5"; fontWeight: string; color: "text.primary"; }' is not assignable to type 'IntrinsicAttributes & TypographyOwnProps & CommonProps & Omit<DetailedHTMLProps<HTMLAttributes<HTMLSpanElement>, HTMLSpanElement>, "className" | ... 9 more ... | "variantMapping">'.
      Property 'component' does not exist on type 'IntrinsicAttributes & TypographyOwnProps & CommonProps & Omit<DetailedHTMLProps<HTMLAttributes<HTMLSpanElement>, HTMLSpanElement>, "className" | ... 9 more ... | "variantMapping">'.
src/pages/auth/Login.tsx(156,13): error TS2322: Type '{ error: boolean; helperText: string | undefined; InputProps: { endAdornment: Element; }; sx: { '& .MuiOutlinedInput-root': { borderRadius: number; }; }; onChange: ChangeHandler; ... 14 more ...; dir: string; }' is not assignable to type 'IntrinsicAttributes & { variant?: TextFieldVariants | undefined; } & Omit<OutlinedTextFieldProps | StandardTextFieldProps | FilledTextFieldProps, "variant">'.
  Property 'InputProps' does not exist on type 'IntrinsicAttributes & { variant?: TextFieldVariants | undefined; } & Omit<OutlinedTextFieldProps | StandardTextFieldProps | FilledTextFieldProps, "variant">'.
src/pages/auth/Login.tsx(229,12): error TS2769: No overload matches this call.
  Overload 1 of 2, '(props: { component: ElementType<any, keyof IntrinsicElements>; } & TypographyOwnProps & CommonProps & Omit<any, "className" | ... 9 more ... | "variantMapping">): Element | null', gave the following error.
    Property 'component' is missing in type '{ children: Element; variant: "caption"; color: "text.secondary"; display: string; }' but required in type '{ component: ElementType<any, keyof IntrinsicElements>; }'.
  Overload 2 of 2, '(props: DefaultComponentProps<TypographyTypeMap<{}, "span">>): Element | null', gave the following error.
    Type '{ children: Element; variant: "caption"; color: "text.secondary"; display: string; }' is not assignable to type 'IntrinsicAttributes & TypographyOwnProps & CommonProps & Omit<DetailedHTMLProps<HTMLAttributes<HTMLSpanElement>, HTMLSpanElement>, "className" | ... 9 more ... | "variantMapping">'.
      Property 'display' does not exist on type 'IntrinsicAttributes & TypographyOwnProps & CommonProps & Omit<DetailedHTMLProps<HTMLAttributes<HTMLSpanElement>, HTMLSpanElement>, "className" | ... 9 more ... | "variantMapping">'.
src/pages/auth/Login.tsx(232,12): error TS2769: No overload matches this call.
  Overload 1 of 2, '(props: { component: ElementType<any, keyof IntrinsicElements>; } & TypographyOwnProps & CommonProps & Omit<any, "className" | ... 9 more ... | "variantMapping">): Element | null', gave the following error.
    Property 'component' is missing in type '{ children: string; variant: "caption"; color: "text.secondary"; display: string; }' but required in type '{ component: ElementType<any, keyof IntrinsicElements>; }'.
  Overload 2 of 2, '(props: DefaultComponentProps<TypographyTypeMap<{}, "span">>): Element | null', gave the following error.
    Type '{ children: string; variant: "caption"; color: "text.secondary"; display: string; }' is not assignable to type 'IntrinsicAttributes & TypographyOwnProps & CommonProps & Omit<DetailedHTMLProps<HTMLAttributes<HTMLSpanElement>, HTMLSpanElement>, "className" | ... 9 more ... | "variantMapping">'.
      Property 'display' does not exist on type 'IntrinsicAttributes & TypographyOwnProps & CommonProps & Omit<DetailedHTMLProps<HTMLAttributes<HTMLSpanElement>, HTMLSpanElement>, "className" | ... 9 more ... | "variantMapping">'.
src/pages/auth/Login.tsx(235,12): error TS2769: No overload matches this call.
  Overload 1 of 2, '(props: { component: ElementType<any, keyof IntrinsicElements>; } & TypographyOwnProps & CommonProps & Omit<any, "className" | ... 9 more ... | "variantMapping">): Element | null', gave the following error.
    Property 'component' is missing in type '{ children: string; variant: "caption"; color: "text.secondary"; display: string; }' but required in type '{ component: ElementType<any, keyof IntrinsicElements>; }'.
  Overload 2 of 2, '(props: DefaultComponentProps<TypographyTypeMap<{}, "span">>): Element | null', gave the following error.
    Type '{ children: string; variant: "caption"; color: "text.secondary"; display: string; }' is not assignable to type 'IntrinsicAttributes & TypographyOwnProps & CommonProps & Omit<DetailedHTMLProps<HTMLAttributes<HTMLSpanElement>, HTMLSpanElement>, "className" | ... 9 more ... | "variantMapping">'.
      Property 'display' does not exist on type 'IntrinsicAttributes & TypographyOwnProps & CommonProps & Omit<DetailedHTMLProps<HTMLAttributes<HTMLSpanElement>, HTMLSpanElement>, "className" | ... 9 more ... | "variantMapping">'.
src/pages/auth/Register.tsx(21,11): error TS6133: 't' is declared but its value is never read.
src/pages/auth/Register.tsx(108,12): error TS2769: No overload matches this call.
  Overload 1 of 2, '(props: { component: "h1"; } & TypographyOwnProps & CommonProps & Omit<DetailedHTMLProps<HTMLAttributes<HTMLHeadingElement>, HTMLHeadingElement>, "className" | ... 9 more ... | "variantMapping">): Element | null', gave the following error.
    Type '{ children: string; component: "h1"; variant: "h5"; fontWeight: string; color: "text.primary"; }' is not assignable to type 'IntrinsicAttributes & { component: "h1"; } & TypographyOwnProps & CommonProps & Omit<DetailedHTMLProps<HTMLAttributes<HTMLHeadingElement>, HTMLHeadingElement>, "className" | ... 9 more ... | "variantMapping">'.
      Property 'fontWeight' does not exist on type 'IntrinsicAttributes & { component: "h1"; } & TypographyOwnProps & CommonProps & Omit<DetailedHTMLProps<HTMLAttributes<HTMLHeadingElement>, HTMLHeadingElement>, "className" | ... 9 more ... | "variantMapping">'.
  Overload 2 of 2, '(props: DefaultComponentProps<TypographyTypeMap<{}, "span">>): Element | null', gave the following error.
    Type '{ children: string; component: string; variant: "h5"; fontWeight: string; color: "text.primary"; }' is not assignable to type 'IntrinsicAttributes & TypographyOwnProps & CommonProps & Omit<DetailedHTMLProps<HTMLAttributes<HTMLSpanElement>, HTMLSpanElement>, "className" | ... 9 more ... | "variantMapping">'.
      Property 'component' does not exist on type 'IntrinsicAttributes & TypographyOwnProps & CommonProps & Omit<DetailedHTMLProps<HTMLAttributes<HTMLSpanElement>, HTMLSpanElement>, "className" | ... 9 more ... | "variantMapping">'.
src/pages/auth/Register.tsx(124,14): error TS2769: No overload matches this call.
  Overload 1 of 2, '(props: { component: ElementType<any, keyof IntrinsicElements>; } & GridBaseProps & { sx?: SxProps<Theme> | undefined; } & Omit<...>): Element | null', gave the following error.
    Property 'component' is missing in type '{ children: Element; item: true; xs: number; }' but required in type '{ component: ElementType<any, keyof IntrinsicElements>; }'.
  Overload 2 of 2, '(props: DefaultComponentProps<GridTypeMap<{}, "div">>): Element | null', gave the following error.
    Type '{ children: Element; item: true; xs: number; }' is not assignable to type 'IntrinsicAttributes & GridBaseProps & { sx?: SxProps<Theme> | undefined; } & Omit<DetailedHTMLProps<HTMLAttributes<HTMLDivElement>, HTMLDivElement>, "sx" | keyof GridBaseProps>'.
      Property 'item' does not exist on type 'IntrinsicAttributes & GridBaseProps & { sx?: SxProps<Theme> | undefined; } & Omit<DetailedHTMLProps<HTMLAttributes<HTMLDivElement>, HTMLDivElement>, "sx" | keyof GridBaseProps>'.
src/pages/auth/Register.tsx(137,14): error TS2769: No overload matches this call.
  Overload 1 of 2, '(props: { component: ElementType<any, keyof IntrinsicElements>; } & GridBaseProps & { sx?: SxProps<Theme> | undefined; } & Omit<...>): Element | null', gave the following error.
    Property 'component' is missing in type '{ children: Element; item: true; xs: number; sm: number; }' but required in type '{ component: ElementType<any, keyof IntrinsicElements>; }'.
  Overload 2 of 2, '(props: DefaultComponentProps<GridTypeMap<{}, "div">>): Element | null', gave the following error.
    Type '{ children: Element; item: true; xs: number; sm: number; }' is not assignable to type 'IntrinsicAttributes & GridBaseProps & { sx?: SxProps<Theme> | undefined; } & Omit<DetailedHTMLProps<HTMLAttributes<HTMLDivElement>, HTMLDivElement>, "sx" | keyof GridBaseProps>'.
      Property 'item' does not exist on type 'IntrinsicAttributes & GridBaseProps & { sx?: SxProps<Theme> | undefined; } & Omit<DetailedHTMLProps<HTMLAttributes<HTMLDivElement>, HTMLDivElement>, "sx" | keyof GridBaseProps>'.
src/pages/auth/Register.tsx(154,14): error TS2769: No overload matches this call.
  Overload 1 of 2, '(props: { component: ElementType<any, keyof IntrinsicElements>; } & GridBaseProps & { sx?: SxProps<Theme> | undefined; } & Omit<...>): Element | null', gave the following error.
    Property 'component' is missing in type '{ children: Element; item: true; xs: number; sm: number; }' but required in type '{ component: ElementType<any, keyof IntrinsicElements>; }'.
  Overload 2 of 2, '(props: DefaultComponentProps<GridTypeMap<{}, "div">>): Element | null', gave the following error.
    Type '{ children: Element; item: true; xs: number; sm: number; }' is not assignable to type 'IntrinsicAttributes & GridBaseProps & { sx?: SxProps<Theme> | undefined; } & Omit<DetailedHTMLProps<HTMLAttributes<HTMLDivElement>, HTMLDivElement>, "sx" | keyof GridBaseProps>'.
      Property 'item' does not exist on type 'IntrinsicAttributes & GridBaseProps & { sx?: SxProps<Theme> | undefined; } & Omit<DetailedHTMLProps<HTMLAttributes<HTMLDivElement>, HTMLDivElement>, "sx" | keyof GridBaseProps>'.
src/pages/auth/Register.tsx(167,14): error TS2769: No overload matches this call.
  Overload 1 of 2, '(props: { component: ElementType<any, keyof IntrinsicElements>; } & GridBaseProps & { sx?: SxProps<Theme> | undefined; } & Omit<...>): Element | null', gave the following error.
    Property 'component' is missing in type '{ children: Element; item: true; xs: number; sm: number; }' but required in type '{ component: ElementType<any, keyof IntrinsicElements>; }'.
  Overload 2 of 2, '(props: DefaultComponentProps<GridTypeMap<{}, "div">>): Element | null', gave the following error.
    Type '{ children: Element; item: true; xs: number; sm: number; }' is not assignable to type 'IntrinsicAttributes & GridBaseProps & { sx?: SxProps<Theme> | undefined; } & Omit<DetailedHTMLProps<HTMLAttributes<HTMLDivElement>, HTMLDivElement>, "sx" | keyof GridBaseProps>'.
      Property 'item' does not exist on type 'IntrinsicAttributes & GridBaseProps & { sx?: SxProps<Theme> | undefined; } & Omit<DetailedHTMLProps<HTMLAttributes<HTMLDivElement>, HTMLDivElement>, "sx" | keyof GridBaseProps>'.
src/pages/auth/Register.tsx(187,14): error TS2769: No overload matches this call.
  Overload 1 of 2, '(props: { component: ElementType<any, keyof IntrinsicElements>; } & GridBaseProps & { sx?: SxProps<Theme> | undefined; } & Omit<...>): Element | null', gave the following error.
    Property 'component' is missing in type '{ children: Element; item: true; xs: number; sm: number; }' but required in type '{ component: ElementType<any, keyof IntrinsicElements>; }'.
  Overload 2 of 2, '(props: DefaultComponentProps<GridTypeMap<{}, "div">>): Element | null', gave the following error.
    Type '{ children: Element; item: true; xs: number; sm: number; }' is not assignable to type 'IntrinsicAttributes & GridBaseProps & { sx?: SxProps<Theme> | undefined; } & Omit<DetailedHTMLProps<HTMLAttributes<HTMLDivElement>, HTMLDivElement>, "sx" | keyof GridBaseProps>'.
      Property 'item' does not exist on type 'IntrinsicAttributes & GridBaseProps & { sx?: SxProps<Theme> | undefined; } & Omit<DetailedHTMLProps<HTMLAttributes<HTMLDivElement>, HTMLDivElement>, "sx" | keyof GridBaseProps>'.
src/pages/auth/Register.tsx(200,14): error TS2769: No overload matches this call.
  Overload 1 of 2, '(props: { component: ElementType<any, keyof IntrinsicElements>; } & GridBaseProps & { sx?: SxProps<Theme> | undefined; } & Omit<...>): Element | null', gave the following error.
    Property 'component' is missing in type '{ children: Element; item: true; xs: number; }' but required in type '{ component: ElementType<any, keyof IntrinsicElements>; }'.
  Overload 2 of 2, '(props: DefaultComponentProps<GridTypeMap<{}, "div">>): Element | null', gave the following error.
    Type '{ children: Element; item: true; xs: number; }' is not assignable to type 'IntrinsicAttributes & GridBaseProps & { sx?: SxProps<Theme> | undefined; } & Omit<DetailedHTMLProps<HTMLAttributes<HTMLDivElement>, HTMLDivElement>, "sx" | keyof GridBaseProps>'.
      Property 'item' does not exist on type 'IntrinsicAttributes & GridBaseProps & { sx?: SxProps<Theme> | undefined; } & Omit<DetailedHTMLProps<HTMLAttributes<HTMLDivElement>, HTMLDivElement>, "sx" | keyof GridBaseProps>'.
src/pages/auth/Register.tsx(216,14): error TS2769: No overload matches this call.
  Overload 1 of 2, '(props: { component: ElementType<any, keyof IntrinsicElements>; } & GridBaseProps & { sx?: SxProps<Theme> | undefined; } & Omit<...>): Element | null', gave the following error.
    Property 'component' is missing in type '{ children: Element; item: true; xs: number; sm: number; }' but required in type '{ component: ElementType<any, keyof IntrinsicElements>; }'.
  Overload 2 of 2, '(props: DefaultComponentProps<GridTypeMap<{}, "div">>): Element | null', gave the following error.
    Type '{ children: Element; item: true; xs: number; sm: number; }' is not assignable to type 'IntrinsicAttributes & GridBaseProps & { sx?: SxProps<Theme> | undefined; } & Omit<DetailedHTMLProps<HTMLAttributes<HTMLDivElement>, HTMLDivElement>, "sx" | keyof GridBaseProps>'.
      Property 'item' does not exist on type 'IntrinsicAttributes & GridBaseProps & { sx?: SxProps<Theme> | undefined; } & Omit<DetailedHTMLProps<HTMLAttributes<HTMLDivElement>, HTMLDivElement>, "sx" | keyof GridBaseProps>'.
src/pages/auth/Register.tsx(244,14): error TS2769: No overload matches this call.
  Overload 1 of 2, '(props: { component: ElementType<any, keyof IntrinsicElements>; } & GridBaseProps & { sx?: SxProps<Theme> | undefined; } & Omit<...>): Element | null', gave the following error.
    Property 'component' is missing in type '{ children: Element; item: true; xs: number; sm: number; }' but required in type '{ component: ElementType<any, keyof IntrinsicElements>; }'.
  Overload 2 of 2, '(props: DefaultComponentProps<GridTypeMap<{}, "div">>): Element | null', gave the following error.
    Type '{ children: Element; item: true; xs: number; sm: number; }' is not assignable to type 'IntrinsicAttributes & GridBaseProps & { sx?: SxProps<Theme> | undefined; } & Omit<DetailedHTMLProps<HTMLAttributes<HTMLDivElement>, HTMLDivElement>, "sx" | keyof GridBaseProps>'.
      Property 'item' does not exist on type 'IntrinsicAttributes & GridBaseProps & { sx?: SxProps<Theme> | undefined; } & Omit<DetailedHTMLProps<HTMLAttributes<HTMLDivElement>, HTMLDivElement>, "sx" | keyof GridBaseProps>'.
src/pages/auth/ResetPassword.tsx(16,11): error TS6133: 't' is declared but its value is never read.
src/pages/auth/ResetPassword.tsx(34,21): error TS6133: 'data' is declared but its value is never read.
src/pages/auth/ResetPassword.tsx(58,12): error TS2769: No overload matches this call.
  Overload 1 of 2, '(props: { component: "h1"; } & TypographyOwnProps & CommonProps & Omit<DetailedHTMLProps<HTMLAttributes<HTMLHeadingElement>, HTMLHeadingElement>, "className" | ... 9 more ... | "variantMapping">): Element | null', gave the following error.
    Type '{ children: string; component: "h1"; variant: "h5"; fontWeight: string; color: "text.primary"; }' is not assignable to type 'IntrinsicAttributes & { component: "h1"; } & TypographyOwnProps & CommonProps & Omit<DetailedHTMLProps<HTMLAttributes<HTMLHeadingElement>, HTMLHeadingElement>, "className" | ... 9 more ... | "variantMapping">'.
      Property 'fontWeight' does not exist on type 'IntrinsicAttributes & { component: "h1"; } & TypographyOwnProps & CommonProps & Omit<DetailedHTMLProps<HTMLAttributes<HTMLHeadingElement>, HTMLHeadingElement>, "className" | ... 9 more ... | "variantMapping">'.
  Overload 2 of 2, '(props: DefaultComponentProps<TypographyTypeMap<{}, "span">>): Element | null', gave the following error.
    Type '{ children: string; component: string; variant: "h5"; fontWeight: string; color: "text.primary"; }' is not assignable to type 'IntrinsicAttributes & TypographyOwnProps & CommonProps & Omit<DetailedHTMLProps<HTMLAttributes<HTMLSpanElement>, HTMLSpanElement>, "className" | ... 9 more ... | "variantMapping">'.
      Property 'component' does not exist on type 'IntrinsicAttributes & TypographyOwnProps & CommonProps & Omit<DetailedHTMLProps<HTMLAttributes<HTMLSpanElement>, HTMLSpanElement>, "className" | ... 9 more ... | "variantMapping">'.
src/store/authSlice.ts(1,23): error TS1484: 'PayloadAction' is a type and must be imported using a type-only import when 'verbatimModuleSyntax' is enabled.
src/store/crmSlice.ts(1,23): error TS1484: 'PayloadAction' is a type and must be imported using a type-only import when 'verbatimModuleSyntax' is enabled.
src/store/employeesSlice.ts(1,23): error TS1484: 'PayloadAction' is a type and must be imported using a type-only import when 'verbatimModuleSyntax' is enabled.
src/store/filesSlice.ts(1,23): error TS1484: 'PayloadAction' is a type and must be imported using a type-only import when 'verbatimModuleSyntax' is enabled.
src/store/financeSlice.ts(1,23): error TS1484: 'PayloadAction' is a type and must be imported using a type-only import when 'verbatimModuleSyntax' is enabled.
src/store/index.ts(2,36): error TS1484: 'TypedUseSelectorHook' is a type and must be imported using a type-only import when 'verbatimModuleSyntax' is enabled.
src/store/kpiSlice.ts(1,23): error TS1484: 'PayloadAction' is a type and must be imported using a type-only import when 'verbatimModuleSyntax' is enabled.
src/store/marketingSlice.ts(1,23): error TS1484: 'PayloadAction' is a type and must be imported using a type-only import when 'verbatimModuleSyntax' is enabled.
src/store/notificationsSlice.ts(1,23): error TS1484: 'PayloadAction' is a type and must be imported using a type-only import when 'verbatimModuleSyntax' is enabled.
src/store/settingsSlice.ts(1,23): error TS1484: 'PayloadAction' is a type and must be imported using a type-only import when 'verbatimModuleSyntax' is enabled.
src/store/tasksSlice.ts(1,23): error TS1484: 'PayloadAction' is a type and must be imported using a type-only import when 'verbatimModuleSyntax' is enabled.
